  Geri y├╝klenecek projeler belirleniyor...
  Geri y├╝kleme i├ºin t├╝m projeler g├╝ncel.
C:\Users\kaan\Documents\KDownloader\Models\DownloadManager.cs(154,44): warning CS8600: Null sabit de─ƒeri veya olas─▒ null de─ƒeri, bo┼ƒ de─ƒer atanamaz t├╝re d├Ân├╝┼ƒt├╝r├╝l├╝yor. [C:\Users\kaan\Documents\KDownloader\BoltFetchDownloader_wqljcju4_wpftmp.csproj]
C:\Users\kaan\Documents\KDownloader\Models\DownloadManager.cs(181,13): warning CS8602: Olas─▒ bir null ba┼ƒvurunun ba┼ƒvurma i┼ƒlemi. [C:\Users\kaan\Documents\KDownloader\BoltFetchDownloader_wqljcju4_wpftmp.csproj]
C:\Users\kaan\Documents\KDownloader\Models\DownloadManager.cs(241,60): warning CS8600: Null sabit de─ƒeri veya olas─▒ null de─ƒeri, bo┼ƒ de─ƒer atanamaz t├╝re d├Ân├╝┼ƒt├╝r├╝l├╝yor. [C:\Users\kaan\Documents\KDownloader\BoltFetchDownloader_wqljcju4_wpftmp.csproj]
C:\Users\kaan\Documents\KDownloader\Models\DownloadManager.cs(260,29): warning CS8602: Olas─▒ bir null ba┼ƒvurunun ba┼ƒvurma i┼ƒlemi. [C:\Users\kaan\Documents\KDownloader\BoltFetchDownloader_wqljcju4_wpftmp.csproj]
C:\Users\kaan\Documents\KDownloader\Models\DownloadManager.cs(154,44): warning CS8600: Null sabit de─ƒeri veya olas─▒ null de─ƒeri, bo┼ƒ de─ƒer atanamaz t├╝re d├Ân├╝┼ƒt├╝r├╝l├╝yor. [C:\Users\kaan\Documents\KDownloader\BoltFetchDownloader.csproj]
C:\Users\kaan\Documents\KDownloader\Models\DownloadManager.cs(181,13): warning CS8602: Olas─▒ bir null ba┼ƒvurunun ba┼ƒvurma i┼ƒlemi. [C:\Users\kaan\Documents\KDownloader\BoltFetchDownloader.csproj]
C:\Users\kaan\Documents\KDownloader\Models\DownloadManager.cs(241,60): warning CS8600: Null sabit de─ƒeri veya olas─▒ null de─ƒeri, bo┼ƒ de─ƒer atanamaz t├╝re d├Ân├╝┼ƒt├╝r├╝l├╝yor. [C:\Users\kaan\Documents\KDownloader\BoltFetchDownloader.csproj]
C:\Users\kaan\Documents\KDownloader\Models\DownloadManager.cs(260,29): warning CS8602: Olas─▒ bir null ba┼ƒvurunun ba┼ƒvurma i┼ƒlemi. [C:\Users\kaan\Documents\KDownloader\BoltFetchDownloader.csproj]
  BoltFetchDownloader -> C:\Users\kaan\Documents\KDownloader\bin\Debug\net9.0-windows\BoltFetchDownloader.dll

Olu┼ƒturma ba┼ƒar─▒l─▒ oldu.

C:\Users\kaan\Documents\KDownloader\Models\DownloadManager.cs(154,44): warning CS8600: Null sabit de─ƒeri veya olas─▒ null de─ƒeri, bo┼ƒ de─ƒer atanamaz t├╝re d├Ân├╝┼ƒt├╝r├╝l├╝yor. [C:\Users\kaan\Documents\KDownloader\BoltFetchDownloader_wqljcju4_wpftmp.csproj]
C:\Users\kaan\Documents\KDownloader\Models\DownloadManager.cs(181,13): warning CS8602: Olas─▒ bir null ba┼ƒvurunun ba┼ƒvurma i┼ƒlemi. [C:\Users\kaan\Documents\KDownloader\BoltFetchDownloader_wqljcju4_wpftmp.csproj]
C:\Users\kaan\Documents\KDownloader\Models\DownloadManager.cs(241,60): warning CS8600: Null sabit de─ƒeri veya olas─▒ null de─ƒeri, bo┼ƒ de─ƒer atanamaz t├╝re d├Ân├╝┼ƒt├╝r├╝l├╝yor. [C:\Users\kaan\Documents\KDownloader\BoltFetchDownloader_wqljcju4_wpftmp.csproj]
C:\Users\kaan\Documents\KDownloader\Models\DownloadManager.cs(260,29): warning CS8602: Olas─▒ bir null ba┼ƒvurunun ba┼ƒvurma i┼ƒlemi. [C:\Users\kaan\Documents\KDownloader\BoltFetchDownloader_wqljcju4_wpftmp.csproj]
C:\Users\kaan\Documents\KDownloader\Models\DownloadManager.cs(154,44): warning CS8600: Null sabit de─ƒeri veya olas─▒ null de─ƒeri, bo┼ƒ de─ƒer atanamaz t├╝re d├Ân├╝┼ƒt├╝r├╝l├╝yor. [C:\Users\kaan\Documents\KDownloader\BoltFetchDownloader.csproj]
C:\Users\kaan\Documents\KDownloader\Models\DownloadManager.cs(181,13): warning CS8602: Olas─▒ bir null ba┼ƒvurunun ba┼ƒvurma i┼ƒlemi. [C:\Users\kaan\Documents\KDownloader\BoltFetchDownloader.csproj]
C:\Users\kaan\Documents\KDownloader\Models\DownloadManager.cs(241,60): warning CS8600: Null sabit de─ƒeri veya olas─▒ null de─ƒeri, bo┼ƒ de─ƒer atanamaz t├╝re d├Ân├╝┼ƒt├╝r├╝l├╝yor. [C:\Users\kaan\Documents\KDownloader\BoltFetchDownloader.csproj]
C:\Users\kaan\Documents\KDownloader\Models\DownloadManager.cs(260,29): warning CS8602: Olas─▒ bir null ba┼ƒvurunun ba┼ƒvurma i┼ƒlemi. [C:\Users\kaan\Documents\KDownloader\BoltFetchDownloader.csproj]
    8 Uyar─▒
    0 Hata

Ge├ºen S├╝re 00:00:01.32
