  Geri y├╝klenecek projeler belirleniyor...
  Geri y├╝kleme i├ºin t├╝m projeler g├╝ncel.
C:\Users\kaan\Documents\KDownloader\Services\NotificationService.cs(16,66): warning CS8625: Null sabit de─ƒer, bo┼ƒ de─ƒer atanamayan ba┼ƒvuru t├╝r├╝ne d├Ân├╝┼ƒt├╝r├╝lemiyor. [C:\Users\kaan\Documents\KDownloader\BoltFetchDownloader.csproj]
C:\Users\kaan\Documents\KDownloader\GlobalErrorWindow.xaml.cs(13,72): warning CS8625: Null sabit de─ƒer, bo┼ƒ de─ƒer atanamayan ba┼ƒvuru t├╝r├╝ne d├Ân├╝┼ƒt├╝r├╝lemiyor. [C:\Users\kaan\Documents\KDownloader\BoltFetchDownloader.csproj]
C:\Users\kaan\Documents\KDownloader\HardwareMonitorWindow.xaml.cs(31,28): warning CS8622: Muhtemelen null atanabilirlik ├Âznitelikleri nedeniyle, 'sender' parametresinin 'void HardwareMonitorWindow.Timer_Tick(object sender, EventArgs e)' t├╝r├╝ndeki ba┼ƒvuru t├╝rlerinin null atanabilirli─ƒi 'EventHandler' hedef temsilcisiyle e┼ƒle┼ƒmiyor. [C:\Users\kaan\Documents\KDownloader\BoltFetchDownloader.csproj]
C:\Users\kaan\Documents\KDownloader\HardwareMonitorWindow.xaml.cs(35,24): warning CS8625: Null sabit de─ƒer, bo┼ƒ de─ƒer atanamayan ba┼ƒvuru t├╝r├╝ne d├Ân├╝┼ƒt├╝r├╝lemiyor. [C:\Users\kaan\Documents\KDownloader\BoltFetchDownloader.csproj]
C:\Users\kaan\Documents\KDownloader\HardwareMonitorWindow.xaml.cs(35,30): warning CS8625: Null sabit de─ƒer, bo┼ƒ de─ƒer atanamayan ba┼ƒvuru t├╝r├╝ne d├Ân├╝┼ƒt├╝r├╝lemiyor. [C:\Users\kaan\Documents\KDownloader\BoltFetchDownloader.csproj]
C:\Users\kaan\Documents\KDownloader\Services\HardwareMonitorService.cs(49,16): warning CS8618: Null atanamaz alan '_cpuCounter', olu┼ƒturucudan ├º─▒k─▒┼ƒ yaparken null olmayan bir de─ƒer i├ºermelidir. 'Gerekli' de─ƒi┼ƒtiricisini ekleyin veya alan de─ƒerini null atanabilir olarak bildirmeyi g├Âz ├Ân├╝nde bulundurun. [C:\Users\kaan\Documents\KDownloader\BoltFetchDownloader.csproj]
C:\Users\kaan\Documents\KDownloader\Services\HardwareMonitorService.cs(49,16): warning CS8618: Null atanamaz alan '_ramAvailableCounter', olu┼ƒturucudan ├º─▒k─▒┼ƒ yaparken null olmayan bir de─ƒer i├ºermelidir. 'Gerekli' de─ƒi┼ƒtiricisini ekleyin veya alan de─ƒerini null atanabilir olarak bildirmeyi g├Âz ├Ân├╝nde bulundurun. [C:\Users\kaan\Documents\KDownloader\BoltFetchDownloader.csproj]
C:\Users\kaan\Documents\KDownloader\Services\HardwareMonitorService.cs(49,16): warning CS8618: Null atanamaz alan '_diskReadCounter', olu┼ƒturucudan ├º─▒k─▒┼ƒ yaparken null olmayan bir de─ƒer i├ºermelidir. 'Gerekli' de─ƒi┼ƒtiricisini ekleyin veya alan de─ƒerini null atanabilir olarak bildirmeyi g├Âz ├Ân├╝nde bulundurun. [C:\Users\kaan\Documents\KDownloader\BoltFetchDownloader.csproj]
C:\Users\kaan\Documents\KDownloader\Services\HardwareMonitorService.cs(49,16): warning CS8618: Null atanamaz alan '_diskWriteCounter', olu┼ƒturucudan ├º─▒k─▒┼ƒ yaparken null olmayan bir de─ƒer i├ºermelidir. 'Gerekli' de─ƒi┼ƒtiricisini ekleyin veya alan de─ƒerini null atanabilir olarak bildirmeyi g├Âz ├Ân├╝nde bulundurun. [C:\Users\kaan\Documents\KDownloader\BoltFetchDownloader.csproj]
C:\Users\kaan\Documents\KDownloader\Services\HardwareMonitorService.cs(49,16): warning CS8618: Null atanamaz alan '_diskTimeCounter', olu┼ƒturucudan ├º─▒k─▒┼ƒ yaparken null olmayan bir de─ƒer i├ºermelidir. 'Gerekli' de─ƒi┼ƒtiricisini ekleyin veya alan de─ƒerini null atanabilir olarak bildirmeyi g├Âz ├Ân├╝nde bulundurun. [C:\Users\kaan\Documents\KDownloader\BoltFetchDownloader.csproj]
C:\Users\kaan\Documents\KDownloader\GlobalErrorWindow.xaml.cs(45,26): error CS1061: 'Assembly' bir 'GetCustomAttribute' tan─▒m─▒ i├ºermiyor ve 'Assembly' t├╝r├╝nde bir ilk ba─ƒ─▒ms─▒z de─ƒi┼ƒken kabul eden hi├ºbir eri┼ƒilebilir 'GetCustomAttribute' geni┼ƒletme y├Ântemi bulunamad─▒ (bir kullanma y├Ânergeniz veya derleme ba┼ƒvurunuz eksik olabilir mi?) [C:\Users\kaan\Documents\KDownloader\BoltFetchDownloader.csproj]
C:\Users\kaan\Documents\KDownloader\Services\HardwareMonitorService.cs(39,37): warning CS0169: 'HardwareMonitorService._gpuCategory' alan─▒ hi├ºbir zaman kullan─▒lmaz [C:\Users\kaan\Documents\KDownloader\BoltFetchDownloader.csproj]

Olu┼ƒturma BA┼×ARISIZ OLDU.

C:\Users\kaan\Documents\KDownloader\Services\NotificationService.cs(16,66): warning CS8625: Null sabit de─ƒer, bo┼ƒ de─ƒer atanamayan ba┼ƒvuru t├╝r├╝ne d├Ân├╝┼ƒt├╝r├╝lemiyor. [C:\Users\kaan\Documents\KDownloader\BoltFetchDownloader.csproj]
C:\Users\kaan\Documents\KDownloader\GlobalErrorWindow.xaml.cs(13,72): warning CS8625: Null sabit de─ƒer, bo┼ƒ de─ƒer atanamayan ba┼ƒvuru t├╝r├╝ne d├Ân├╝┼ƒt├╝r├╝lemiyor. [C:\Users\kaan\Documents\KDownloader\BoltFetchDownloader.csproj]
C:\Users\kaan\Documents\KDownloader\HardwareMonitorWindow.xaml.cs(31,28): warning CS8622: Muhtemelen null atanabilirlik ├Âznitelikleri nedeniyle, 'sender' parametresinin 'void HardwareMonitorWindow.Timer_Tick(object sender, EventArgs e)' t├╝r├╝ndeki ba┼ƒvuru t├╝rlerinin null atanabilirli─ƒi 'EventHandler' hedef temsilcisiyle e┼ƒle┼ƒmiyor. [C:\Users\kaan\Documents\KDownloader\BoltFetchDownloader.csproj]
C:\Users\kaan\Documents\KDownloader\HardwareMonitorWindow.xaml.cs(35,24): warning CS8625: Null sabit de─ƒer, bo┼ƒ de─ƒer atanamayan ba┼ƒvuru t├╝r├╝ne d├Ân├╝┼ƒt├╝r├╝lemiyor. [C:\Users\kaan\Documents\KDownloader\BoltFetchDownloader.csproj]
C:\Users\kaan\Documents\KDownloader\HardwareMonitorWindow.xaml.cs(35,30): warning CS8625: Null sabit de─ƒer, bo┼ƒ de─ƒer atanamayan ba┼ƒvuru t├╝r├╝ne d├Ân├╝┼ƒt├╝r├╝lemiyor. [C:\Users\kaan\Documents\KDownloader\BoltFetchDownloader.csproj]
C:\Users\kaan\Documents\KDownloader\Services\HardwareMonitorService.cs(49,16): warning CS8618: Null atanamaz alan '_cpuCounter', olu┼ƒturucudan ├º─▒k─▒┼ƒ yaparken null olmayan bir de─ƒer i├ºermelidir. 'Gerekli' de─ƒi┼ƒtiricisini ekleyin veya alan de─ƒerini null atanabilir olarak bildirmeyi g├Âz ├Ân├╝nde bulundurun. [C:\Users\kaan\Documents\KDownloader\BoltFetchDownloader.csproj]
C:\Users\kaan\Documents\KDownloader\Services\HardwareMonitorService.cs(49,16): warning CS8618: Null atanamaz alan '_ramAvailableCounter', olu┼ƒturucudan ├º─▒k─▒┼ƒ yaparken null olmayan bir de─ƒer i├ºermelidir. 'Gerekli' de─ƒi┼ƒtiricisini ekleyin veya alan de─ƒerini null atanabilir olarak bildirmeyi g├Âz ├Ân├╝nde bulundurun. [C:\Users\kaan\Documents\KDownloader\BoltFetchDownloader.csproj]
C:\Users\kaan\Documents\KDownloader\Services\HardwareMonitorService.cs(49,16): warning CS8618: Null atanamaz alan '_diskReadCounter', olu┼ƒturucudan ├º─▒k─▒┼ƒ yaparken null olmayan bir de─ƒer i├ºermelidir. 'Gerekli' de─ƒi┼ƒtiricisini ekleyin veya alan de─ƒerini null atanabilir olarak bildirmeyi g├Âz ├Ân├╝nde bulundurun. [C:\Users\kaan\Documents\KDownloader\BoltFetchDownloader.csproj]
C:\Users\kaan\Documents\KDownloader\Services\HardwareMonitorService.cs(49,16): warning CS8618: Null atanamaz alan '_diskWriteCounter', olu┼ƒturucudan ├º─▒k─▒┼ƒ yaparken null olmayan bir de─ƒer i├ºermelidir. 'Gerekli' de─ƒi┼ƒtiricisini ekleyin veya alan de─ƒerini null atanabilir olarak bildirmeyi g├Âz ├Ân├╝nde bulundurun. [C:\Users\kaan\Documents\KDownloader\BoltFetchDownloader.csproj]
C:\Users\kaan\Documents\KDownloader\Services\HardwareMonitorService.cs(49,16): warning CS8618: Null atanamaz alan '_diskTimeCounter', olu┼ƒturucudan ├º─▒k─▒┼ƒ yaparken null olmayan bir de─ƒer i├ºermelidir. 'Gerekli' de─ƒi┼ƒtiricisini ekleyin veya alan de─ƒerini null atanabilir olarak bildirmeyi g├Âz ├Ân├╝nde bulundurun. [C:\Users\kaan\Documents\KDownloader\BoltFetchDownloader.csproj]
C:\Users\kaan\Documents\KDownloader\Services\HardwareMonitorService.cs(39,37): warning CS0169: 'HardwareMonitorService._gpuCategory' alan─▒ hi├ºbir zaman kullan─▒lmaz [C:\Users\kaan\Documents\KDownloader\BoltFetchDownloader.csproj]
C:\Users\kaan\Documents\KDownloader\GlobalErrorWindow.xaml.cs(45,26): error CS1061: 'Assembly' bir 'GetCustomAttribute' tan─▒m─▒ i├ºermiyor ve 'Assembly' t├╝r├╝nde bir ilk ba─ƒ─▒ms─▒z de─ƒi┼ƒken kabul eden hi├ºbir eri┼ƒilebilir 'GetCustomAttribute' geni┼ƒletme y├Ântemi bulunamad─▒ (bir kullanma y├Ânergeniz veya derleme ba┼ƒvurunuz eksik olabilir mi?) [C:\Users\kaan\Documents\KDownloader\BoltFetchDownloader.csproj]
    11 Uyar─▒
    1 Hata

Ge├ºen S├╝re 00:00:00.74
